// Jest Snapshot v1, https://goo.gl/fbAQLP

exports[`wrapRpc(workerThread) shouldn't emit value in a symbol 1`] = `[Error: Unsupported "prop" type: symbol]`;
