// Jest Snapshot v1, https://goo.gl/fbAQLP

exports[`exposeRpc(value, endpoint) should return remote property value: expect unknown message type 1`] = `"Unknown message type undefined"`;
